#-----------------------------------------------------------
# Vivado v2017.4 (64-bit)
# SW Build 2086221 on Fri Dec 15 20:55:39 MST 2017
# IP Build 2085800 on Fri Dec 15 22:25:07 MST 2017
# Start of session at: Sun Nov 11 15:40:20 2018
# Process ID: 12212
# Current directory: C:/Users/laris/Dropbox/UERGS/Cadeiras/4º Semestre/Organização de  Computadores/Larissa-e-Giovani-Final
# Command line: vivado.exe -gui_launcher_event rodinguilauncherevent6984 C:\Users\laris\Dropbox\UERGS\Cadeiras\4º Semestre\Organização de  Computadores\Larissa-e-Giovani-Final\Larissa e Giovani Final.xpr
# Log file: C:/Users/laris/Dropbox/UERGS/Cadeiras/4º Semestre/Organização de  Computadores/Larissa-e-Giovani-Final/vivado.log
# Journal file: C:/Users/laris/Dropbox/UERGS/Cadeiras/4º Semestre/Organização de  Computadores/Larissa-e-Giovani-Final\vivado.jou
#-----------------------------------------------------------
start_gui
open_project {C:/Users/laris/Dropbox/UERGS/Cadeiras/4º Semestre/Organização de  Computadores/Larissa-e-Giovani-Final/Larissa e Giovani Final.xpr}
update_compile_order -fileset sources_1
